Archive member included to satisfy reference by file (symbol)

/usr/lib/gcc/arm-none-eabi/9.2.1/thumb/v6-m/nofp/libgcc.a(_dvmd_tls.o)
                              CMakeFiles/adc_dma_capture.dir/workspaces/pico-sdk/src/rp2_common/pico_divider/divider.S.obj (__aeabi_idiv0)
/usr/lib/gcc/arm-none-eabi/9.2.1/../../../arm-none-eabi/lib/thumb/v6-m/nofp/libc.a(lib_a-atexit.o)
                              /usr/lib/gcc/arm-none-eabi/9.2.1/../../../arm-none-eabi/lib/thumb/v6-m/nofp/crt0.o (atexit)
/usr/lib/gcc/arm-none-eabi/9.2.1/../../../arm-none-eabi/lib/thumb/v6-m/nofp/libc.a(lib_a-calloc.o)
                              CMakeFiles/adc_dma_capture.dir/workspaces/pico-sdk/src/rp2_common/pico_malloc/pico_malloc.c.obj (calloc)
/usr/lib/gcc/arm-none-eabi/9.2.1/../../../arm-none-eabi/lib/thumb/v6-m/nofp/libc.a(lib_a-callocr.o)
                              /usr/lib/gcc/arm-none-eabi/9.2.1/../../../arm-none-eabi/lib/thumb/v6-m/nofp/libc.a(lib_a-calloc.o) (_calloc_r)
/usr/lib/gcc/arm-none-eabi/9.2.1/../../../arm-none-eabi/lib/thumb/v6-m/nofp/libc.a(lib_a-fini.o)
                              /usr/lib/gcc/arm-none-eabi/9.2.1/../../../arm-none-eabi/lib/thumb/v6-m/nofp/crt0.o (__libc_fini_array)
/usr/lib/gcc/arm-none-eabi/9.2.1/../../../arm-none-eabi/lib/thumb/v6-m/nofp/libc.a(lib_a-impure.o)
                              /usr/lib/gcc/arm-none-eabi/9.2.1/../../../arm-none-eabi/lib/thumb/v6-m/nofp/libc.a(lib_a-calloc.o) (_impure_ptr)
/usr/lib/gcc/arm-none-eabi/9.2.1/../../../arm-none-eabi/lib/thumb/v6-m/nofp/libc.a(lib_a-init.o)
                              /usr/lib/gcc/arm-none-eabi/9.2.1/../../../arm-none-eabi/lib/thumb/v6-m/nofp/crt0.o (__libc_init_array)
/usr/lib/gcc/arm-none-eabi/9.2.1/../../../arm-none-eabi/lib/thumb/v6-m/nofp/libc.a(lib_a-malloc.o)
                              CMakeFiles/adc_dma_capture.dir/workspaces/pico-sdk/src/rp2_common/pico_malloc/pico_malloc.c.obj (malloc)
/usr/lib/gcc/arm-none-eabi/9.2.1/../../../arm-none-eabi/lib/thumb/v6-m/nofp/libc.a(lib_a-mallocr.o)
                              /usr/lib/gcc/arm-none-eabi/9.2.1/../../../arm-none-eabi/lib/thumb/v6-m/nofp/libc.a(lib_a-callocr.o) (_malloc_r)
/usr/lib/gcc/arm-none-eabi/9.2.1/../../../arm-none-eabi/lib/thumb/v6-m/nofp/libc.a(lib_a-mlock.o)
                              /usr/lib/gcc/arm-none-eabi/9.2.1/../../../arm-none-eabi/lib/thumb/v6-m/nofp/libc.a(lib_a-mallocr.o) (__malloc_lock)
/usr/lib/gcc/arm-none-eabi/9.2.1/../../../arm-none-eabi/lib/thumb/v6-m/nofp/libc.a(lib_a-realloc.o)
                              CMakeFiles/adc_dma_capture.dir/workspaces/pico-sdk/src/rp2_common/pico_malloc/pico_malloc.c.obj (realloc)
/usr/lib/gcc/arm-none-eabi/9.2.1/../../../arm-none-eabi/lib/thumb/v6-m/nofp/libc.a(lib_a-reallocr.o)
                              /usr/lib/gcc/arm-none-eabi/9.2.1/../../../arm-none-eabi/lib/thumb/v6-m/nofp/libc.a(lib_a-realloc.o) (_realloc_r)
/usr/lib/gcc/arm-none-eabi/9.2.1/../../../arm-none-eabi/lib/thumb/v6-m/nofp/libc.a(lib_a-sbrkr.o)
                              /usr/lib/gcc/arm-none-eabi/9.2.1/../../../arm-none-eabi/lib/thumb/v6-m/nofp/libc.a(lib_a-mallocr.o) (_sbrk_r)
/usr/lib/gcc/arm-none-eabi/9.2.1/../../../arm-none-eabi/lib/thumb/v6-m/nofp/libc.a(lib_a-strlen-stub.o)
                              CMakeFiles/adc_dma_capture.dir/workspaces/pico-sdk/src/rp2_common/pico_stdio/stdio.c.obj (strlen)
/usr/lib/gcc/arm-none-eabi/9.2.1/../../../arm-none-eabi/lib/thumb/v6-m/nofp/libc.a(lib_a-__atexit.o)
                              /usr/lib/gcc/arm-none-eabi/9.2.1/../../../arm-none-eabi/lib/thumb/v6-m/nofp/libc.a(lib_a-atexit.o) (__register_exitproc)
/usr/lib/gcc/arm-none-eabi/9.2.1/../../../arm-none-eabi/lib/thumb/v6-m/nofp/libc.a(lib_a-freer.o)
                              /usr/lib/gcc/arm-none-eabi/9.2.1/../../../arm-none-eabi/lib/thumb/v6-m/nofp/libc.a(lib_a-malloc.o) (_free_r)
/usr/lib/gcc/arm-none-eabi/9.2.1/../../../arm-none-eabi/lib/thumb/v6-m/nofp/libc.a(lib_a-memmove.o)
                              /usr/lib/gcc/arm-none-eabi/9.2.1/../../../arm-none-eabi/lib/thumb/v6-m/nofp/libc.a(lib_a-reallocr.o) (memmove)
/usr/lib/gcc/arm-none-eabi/9.2.1/../../../arm-none-eabi/lib/thumb/v6-m/nofp/libc.a(lib_a-reent.o)
                              /usr/lib/gcc/arm-none-eabi/9.2.1/../../../arm-none-eabi/lib/thumb/v6-m/nofp/libc.a(lib_a-sbrkr.o) (errno)

Allocating common symbols
Common symbol       size              file

sf_table            0x100             CMakeFiles/adc_dma_capture.dir/workspaces/pico-sdk/src/rp2_common/pico_float/float_init_rom.c.obj
errno               0x4               /usr/lib/gcc/arm-none-eabi/9.2.1/../../../arm-none-eabi/lib/thumb/v6-m/nofp/libc.a(lib_a-reent.o)
sd_table            0x100             CMakeFiles/adc_dma_capture.dir/workspaces/pico-sdk/src/rp2_common/pico_double/double_init_rom.c.obj
uart_char_to_line_feed
                    0x4               CMakeFiles/adc_dma_capture.dir/workspaces/pico-sdk/src/rp2_common/hardware_uart/uart.c.obj
[...]
Memory Configuration

Name             Origin             Length             Attributes
FLASH            0x0000000010000000 0x0000000000200000 xr
RAM              0x0000000020000000 0x0000000000040000 xrw
SCRATCH_X        0x0000000020040000 0x0000000000001000 xrw
SCRATCH_Y        0x0000000020041000 0x0000000000001000 xrw
*default*        0x0000000000000000 0xffffffffffffffff

Linker script and memory map

LOAD /usr/lib/gcc/arm-none-eabi/9.2.1/thumb/v6-m/nofp/crti.o
LOAD /usr/lib/gcc/arm-none-eabi/9.2.1/thumb/v6-m/nofp/crtbegin.o
LOAD /usr/lib/gcc/arm-none-eabi/9.2.1/../../../arm-none-eabi/lib/thumb/v6-m/nofp/crt0.o

.flash_begin    0x0000000010000000        0x0
                0x0000000010000000                __flash_binary_start = .

.boot2          0x0000000010000000      0x100
                0x0000000010000000                __boot2_start__ = .
 *(.boot2)
 .boot2         0x0000000010000000      0x100 /tmp/cc0k2A8z.o
                0x0000000010000100                __boot2_end__ = .
                0x0000000000000001                ASSERT (((__boot2_end__ - __boot2_start__) == 0x100), ERROR: Pico second stage bootloader must be 256 bytes in size)

.text           0x0000000010000100     0x4d48
                0x0000000010000100                __logical_binary_start = .
 *(.vectors)
 .vectors       0x0000000010000100       0xd4 CMakeFiles/adc_dma_capture.dir/workspaces/pico-sdk/src/rp2_common/pico_standard_link/crt0.S.obj
                0x0000000010000100                __vectors
                0x0000000010000100                __VECTOR_TABLE
                0x00000000100001c0                isr_invalid
                0x00000000100001c0                __default_isrs_start
                0x00000000100001c2                isr_nmi
                0x00000000100001c4                isr_hardfault
                0x00000000100001c6                isr_svcall
                0x00000000100001c8                isr_pendsv
                0x00000000100001ca                isr_systick
                0x00000000100001cc                isr_irq30
                0x00000000100001cc                __unhandled_user_irq
                0x00000000100001cc                isr_irq13
                0x00000000100001cc                isr_irq27
                0x00000000100001cc                isr_irq31
                0x00000000100001cc                isr_irq5
                0x00000000100001cc                isr_irq11
                0x00000000100001cc                isr_irq23
                0x00000000100001cc                isr_irq18
                0x00000000100001cc                isr_irq28
                0x00000000100001cc                isr_irq19
                0x00000000100001cc                isr_irq0
                0x00000000100001cc                isr_irq6
                0x00000000100001cc                isr_irq22
                0x00000000100001cc                isr_irq17
                0x00000000100001cc                isr_irq14
                0x00000000100001cc                isr_irq2
                0x00000000100001cc                isr_irq10
                0x00000000100001cc                isr_irq8
                0x00000000100001cc                isr_irq24
                0x00000000100001cc                isr_irq1
                0x00000000100001cc                isr_irq7
                0x00000000100001cc                isr_irq21
                0x00000000100001cc                isr_irq20
                0x00000000100001cc                isr_irq15
                0x00000000100001cc                isr_irq25
                0x00000000100001cc                isr_irq4
                0x00000000100001cc                isr_irq16
                0x00000000100001cc                isr_irq29
                0x00000000100001cc                isr_irq26
                0x00000000100001cc                __default_isrs_end
                0x00000000100001cc                isr_irq3
                0x00000000100001cc                isr_irq12
                0x00000000100001cc                isr_irq9
                0x00000000100001d2                unhandled_user_irq_num_in_r0
 *(.binary_info_header)
 .binary_info_header
                0x00000000100001d4       0x14 CMakeFiles/adc_dma_capture.dir/workspaces/pico-sdk/src/rp2_common/pico_standard_link/crt0.S.obj
                0x00000000100001e8                __binary_info_header_end = .
 *(.reset)
 .reset         0x00000000100001e8       0xa0 CMakeFiles/adc_dma_capture.dir/workspaces/pico-sdk/src/rp2_common/pico_standard_link/crt0.S.obj
                0x00000000100001e8                _entry_point
 .reset         0x0000000010000288       0x30 CMakeFiles/adc_dma_capture.dir/workspaces/pico-sdk/src/rp2_common/pico_standard_link/binary_info.c.obj
 *(.init)
 .init          0x00000000100002b8        0x4 /usr/lib/gcc/arm-none-eabi/9.2.1/thumb/v6-m/nofp/crti.o
                0x00000000100002b8                _init
 *(EXCLUDE_FILE(*libm.a: *libc.a:*lib_a-mem*.o *libgcc.a:) .text*)
 .text          0x00000000100002bc       0x98 /usr/lib/gcc/arm-none-eabi/9.2.1/thumb/v6-m/nofp/crtbegin.o
 .text.core1_main
                0x0000000010000354      0x124 CMakeFiles/adc_dma_capture.dir/dma_capture.c.obj
                0x0000000010000354                core1_main
 .text.startup.main
                0x0000000010000478      0x14c CMakeFiles/adc_dma_capture.dir/dma_capture.c.obj
                0x0000000010000478                main
 .text.gpio_set_function
                0x00000000100005c4       0x30 CMakeFiles/adc_dma_capture.dir/workspaces/pico-sdk/src/rp2_common/hardware_gpio/gpio.c.obj
                0x00000000100005c4                gpio_set_function
 .text.gpio_set_pulls
                0x00000000100005f4       0x30 CMakeFiles/adc_dma_capture.dir/workspaces/pico-sdk/src/rp2_common/hardware_gpio/gpio.c.obj
                0x00000000100005f4                gpio_set_pulls
 .text.gpio_set_input_enabled
                0x0000000010000624       0x28 CMakeFiles/adc_dma_capture.dir/workspaces/pico-sdk/src/rp2_common/hardware_gpio/gpio.c.obj
                0x0000000010000624                gpio_set_input_enabled
 .text.running_on_fpga
                0x000000001000064c       0x10 CMakeFiles/adc_dma_capture.dir/workspaces/pico-sdk/src/rp2_common/pico_platform/platform.c.obj
                0x000000001000064c                running_on_fpga
 .text.hw_claim_lock
                0x000000001000065c       0x18 CMakeFiles/adc_dma_capture.dir/workspaces/pico-sdk/src/rp2_common/hardware_claim/claim.c.obj
                0x000000001000065c                hw_claim_lock
 .text.hw_claim_unlock
                0x0000000010000674       0x14 CMakeFiles/adc_dma_capture.dir/workspaces/pico-sdk/src/rp2_common/hardware_claim/claim.c.obj
                0x0000000010000674                hw_claim_unlock
 .text.hw_claim_or_assert
                0x0000000010000688       0x48 CMakeFiles/adc_dma_capture.dir/workspaces/pico-sdk/src/rp2_common/hardware_claim/claim.c.obj
                0x0000000010000688                hw_claim_or_assert
 .text.hw_claim_unused_from_range
                0x00000000100006d0       0x9c CMakeFiles/adc_dma_capture.dir/workspaces/pico-sdk/src/rp2_common/hardware_claim/claim.c.obj
                0x00000000100006d0                hw_claim_unused_from_range
 .text.spin_locks_reset
                0x000000001000076c       0x1c CMakeFiles/adc_dma_capture.dir/workspaces/pico-sdk/src/rp2_common/hardware_sync/sync.c.obj
                0x000000001000076c                spin_locks_reset
 .text.next_striped_spin_lock_num
                0x0000000010000788       0x18 CMakeFiles/adc_dma_capture.dir/workspaces/pico-sdk/src/rp2_common/hardware_sync/sync.c.obj
                0x0000000010000788                next_striped_spin_lock_num
 .text.irq_set_enabled
                0x00000000100007a0       0x24 CMakeFiles/adc_dma_capture.dir/workspaces/pico-sdk/src/rp2_common/hardware_irq/irq.c.obj
                0x00000000100007a0                irq_set_enabled
 .text.irq_is_enabled
                0x00000000100007c4       0x18 CMakeFiles/adc_dma_capture.dir/workspaces/pico-sdk/src/rp2_common/hardware_irq/irq.c.obj
                0x00000000100007c4                irq_is_enabled
 .text.irq_get_vtable_handler
                0x00000000100007dc       0x10 CMakeFiles/adc_dma_capture.dir/workspaces/pico-sdk/src/rp2_common/hardware_irq/irq.c.obj
                0x00000000100007dc                irq_get_vtable_handler
 .text.irq_set_exclusive_handler
                0x00000000100007ec       0x54 CMakeFiles/adc_dma_capture.dir/workspaces/pico-sdk/src/rp2_common/hardware_irq/irq.c.obj
                0x00000000100007ec                irq_set_exclusive_handler
 .text.irq_remove_handler
                0x0000000010000840      0x1b4 CMakeFiles/adc_dma_capture.dir/workspaces/pico-sdk/src/rp2_common/hardware_irq/irq.c.obj
                0x0000000010000840                irq_remove_handler
 .text.irq_add_tail_to_free_list
                0x00000000100009f4       0xb4 CMakeFiles/adc_dma_capture.dir/workspaces/pico-sdk/src/rp2_common/hardware_irq/irq.c.obj
                0x00000000100009f4                irq_add_tail_to_free_list
 .text.irq_init_priorities
                0x0000000010000aa8       0x24 CMakeFiles/adc_dma_capture.dir/workspaces/pico-sdk/src/rp2_common/hardware_irq/irq.c.obj
                0x0000000010000aa8                irq_init_priorities
 .text.lock_init
                0x0000000010000acc       0x10 CMakeFiles/adc_dma_capture.dir/workspaces/pico-sdk/src/common/pico_sync/lock_core.c.obj
                0x0000000010000acc                lock_init
 .text.mutex_init
                0x0000000010000adc       0x1c CMakeFiles/adc_dma_capture.dir/workspaces/pico-sdk/src/common/pico_sync/mutex.c.obj
                0x0000000010000adc                mutex_init
 .text.recursive_mutex_init
                0x0000000010000af8       0x1c CMakeFiles/adc_dma_capture.dir/workspaces/pico-sdk/src/common/pico_sync/mutex.c.obj
                0x0000000010000af8                recursive_mutex_init
 .text.timer_pool_entry_comparator
                0x0000000010000b14       0x34 CMakeFiles/adc_dma_capture.dir/workspaces/pico-sdk/src/common/pico_time/time.c.obj
                0x0000000010000b14                timer_pool_entry_comparator
 .text.sleep_until_callback
                0x0000000010000b48       0x30 CMakeFiles/adc_dma_capture.dir/workspaces/pico-sdk/src/common/pico_time/time.c.obj
 .text.add_alarm_under_lock
                0x0000000010000b78      0x108 CMakeFiles/adc_dma_capture.dir/workspaces/pico-sdk/src/common/pico_time/time.c.obj
 .text.alarm_pool_alarm_callback
                0x0000000010000c80      0x1b8 CMakeFiles/adc_dma_capture.dir/workspaces/pico-sdk/src/common/pico_time/time.c.obj
 .text.alarm_pool_init_default
                0x0000000010000e38       0x6c CMakeFiles/adc_dma_capture.dir/workspaces/pico-sdk/src/common/pico_time/time.c.obj
                0x0000000010000e38                alarm_pool_init_default
 .text.alarm_pool_add_alarm_at
                0x0000000010000ea4      0x190 CMakeFiles/adc_dma_capture.dir/workspaces/pico-sdk/src/common/pico_time/time.c.obj
                0x0000000010000ea4                alarm_pool_add_alarm_at
 .text.alarm_pool_cancel_alarm
                0x0000000010001034       0x70 CMakeFiles/adc_dma_capture.dir/workspaces/pico-sdk/src/common/pico_time/time.c.obj
                0x0000000010001034                alarm_pool_cancel_alarm
 .text.sleep_until
                0x00000000100010a4       0xc4 CMakeFiles/adc_dma_capture.dir/workspaces/pico-sdk/src/common/pico_time/time.c.obj
                0x00000000100010a4                sleep_until
 .text.sleep_ms
                0x0000000010001168       0x34 CMakeFiles/adc_dma_capture.dir/workspaces/pico-sdk/src/common/pico_time/time.c.obj
                0x0000000010001168                sleep_ms
 .text.best_effort_wfe_or_timeout
                0x000000001000119c       0x60 CMakeFiles/adc_dma_capture.dir/workspaces/pico-sdk/src/common/pico_time/time.c.obj
                0x000000001000119c                best_effort_wfe_or_timeout
 .text.hardware_alarm_irq_handler
                0x00000000100011fc       0xbc CMakeFiles/adc_dma_capture.dir/workspaces/pico-sdk/src/rp2_common/hardware_timer/timer.c.obj
 .text.hardware_alarm_claim
                0x00000000100012b8       0x18 CMakeFiles/adc_dma_capture.dir/workspaces/pico-sdk/src/rp2_common/hardware_timer/timer.c.obj
                0x00000000100012b8                hardware_alarm_claim
 .text.time_us_64
                0x00000000100012d0       0x14 CMakeFiles/adc_dma_capture.dir/workspaces/pico-sdk/src/rp2_common/hardware_timer/timer.c.obj
                0x00000000100012d0                time_us_64
 .text.busy_wait_until
                0x00000000100012e4       0x20 CMakeFiles/adc_dma_capture.dir/workspaces/pico-sdk/src/rp2_common/hardware_timer/timer.c.obj
                0x00000000100012e4                busy_wait_until
 .text.hardware_alarm_set_callback
                0x0000000010001304       0x8c CMakeFiles/adc_dma_capture.dir/workspaces/pico-sdk/src/rp2_common/hardware_timer/timer.c.obj
                0x0000000010001304                hardware_alarm_set_callback
 .text.hardware_alarm_set_target
                0x0000000010001390       0xe4 CMakeFiles/adc_dma_capture.dir/workspaces/pico-sdk/src/rp2_common/hardware_timer/timer.c.obj
                0x0000000010001390                hardware_alarm_set_target
 .text.hardware_alarm_cancel
                0x0000000010001474       0x40 CMakeFiles/adc_dma_capture.dir/workspaces/pico-sdk/src/rp2_common/hardware_timer/timer.c.obj
                0x0000000010001474                hardware_alarm_cancel
 .text.ph_merge_nodes
                0x00000000100014b4       0x68 CMakeFiles/adc_dma_capture.dir/workspaces/pico-sdk/src/common/pico_util/pheap.c.obj
 .text.ph_post_alloc_init
                0x000000001000151c       0x3c CMakeFiles/adc_dma_capture.dir/workspaces/pico-sdk/src/common/pico_util/pheap.c.obj
                0x000000001000151c                ph_post_alloc_init
 .text.ph_merge_two_pass
                0x0000000010001558       0x90 CMakeFiles/adc_dma_capture.dir/workspaces/pico-sdk/src/common/pico_util/pheap.c.obj
                0x0000000010001558                ph_merge_two_pass
 .text.ph_remove_any_head
                0x00000000100015e8      0x100 CMakeFiles/adc_dma_capture.dir/workspaces/pico-sdk/src/common/pico_util/pheap.c.obj
 .text.ph_remove_head
                0x00000000100016e8      0x144 CMakeFiles/adc_dma_capture.dir/workspaces/pico-sdk/src/common/pico_util/pheap.c.obj
                0x00000000100016e8                ph_remove_head
 .text.ph_remove_and_free_node
                0x000000001000182c       0x7c CMakeFiles/adc_dma_capture.dir/workspaces/pico-sdk/src/common/pico_util/pheap.c.obj
                0x000000001000182c                ph_remove_and_free_node
 .text.uart_init
                0x00000000100018a8       0xe4 CMakeFiles/adc_dma_capture.dir/workspaces/pico-sdk/src/rp2_common/hardware_uart/uart.c.obj
                0x00000000100018a8                uart_init
 .text.clocks_init
                0x000000001000198c      0x2bc CMakeFiles/adc_dma_capture.dir/workspaces/pico-sdk/src/rp2_common/hardware_clocks/clocks.c.obj
                0x000000001000198c                clocks_init
 .text.clock_get_hz
                0x0000000010001c48        0xc CMakeFiles/adc_dma_capture.dir/workspaces/pico-sdk/src/rp2_common/hardware_clocks/clocks.c.obj
                0x0000000010001c48                clock_get_hz
 .text.pll_init
                0x0000000010001c54       0xa8 CMakeFiles/adc_dma_capture.dir/workspaces/pico-sdk/src/rp2_common/hardware_pll/pll.c.obj
                0x0000000010001c54                pll_init
 .text.watchdog_start_tick
                0x0000000010001cfc       0x10 CMakeFiles/adc_dma_capture.dir/workspaces/pico-sdk/src/rp2_common/hardware_watchdog/watchdog.c.obj
                0x0000000010001cfc                watchdog_start_tick
 .text.xosc_init
                0x0000000010001d0c       0x28 CMakeFiles/adc_dma_capture.dir/workspaces/pico-sdk/src/rp2_common/hardware_xosc/xosc.c.obj
                0x0000000010001d0c                xosc_init
 .text.runtime_init
                0x0000000010001d34       0xf0 CMakeFiles/adc_dma_capture.dir/workspaces/pico-sdk/src/rp2_common/pico_runtime/runtime.c.obj
                0x0000000010001d34                runtime_init
 .text._exit    0x0000000010001e24        0x4 CMakeFiles/adc_dma_capture.dir/workspaces/pico-sdk/src/rp2_common/pico_runtime/runtime.c.obj
                0x0000000010001e24                _exit
 .text.exit     0x0000000010001e28        0x8 CMakeFiles/adc_dma_capture.dir/workspaces/pico-sdk/src/rp2_common/pico_runtime/runtime.c.obj
                0x0000000010001e28                exit
 .text.panic    0x0000000010001e30       0x30 CMakeFiles/adc_dma_capture.dir/workspaces/pico-sdk/src/rp2_common/pico_runtime/runtime.c.obj
                0x0000000010001e30                panic
 .text.hard_assertion_failure
                0x0000000010001e60        0xc CMakeFiles/adc_dma_capture.dir/workspaces/pico-sdk/src/rp2_common/pico_runtime/runtime.c.obj
                0x0000000010001e60                hard_assertion_failure
 .text._out_null
                0x0000000010001e6c        0x4 CMakeFiles/adc_dma_capture.dir/workspaces/pico-sdk/src/rp2_common/pico_printf/printf.c.obj
 .text._out_rev
                0x0000000010001e70       0xd0 CMakeFiles/adc_dma_capture.dir/workspaces/pico-sdk/src/rp2_common/pico_printf/printf.c.obj
 .text._ntoa_format
                0x0000000010001f40      0x1d0 CMakeFiles/adc_dma_capture.dir/workspaces/pico-sdk/src/rp2_common/pico_printf/printf.c.obj
 .text._out_char
                0x0000000010002110       0x10 CMakeFiles/adc_dma_capture.dir/workspaces/pico-sdk/src/rp2_common/pico_printf/printf.c.obj
 .text._out_fct
                0x0000000010002120       0x10 CMakeFiles/adc_dma_capture.dir/workspaces/pico-sdk/src/rp2_common/pico_printf/printf.c.obj
 .text._etoa    0x0000000010002130      0x478 CMakeFiles/adc_dma_capture.dir/workspaces/pico-sdk/src/rp2_common/pico_printf/printf.c.obj
 .text._ftoa    0x00000000100025a8      0x3e0 CMakeFiles/adc_dma_capture.dir/workspaces/pico-sdk/src/rp2_common/pico_printf/printf.c.obj
 .text._vsnprintf
                0x0000000010002988      0xb08 CMakeFiles/adc_dma_capture.dir/workspaces/pico-sdk/src/rp2_common/pico_printf/printf.c.obj
 .text.vfctprintf
                0x0000000010003490       0x20 CMakeFiles/adc_dma_capture.dir/workspaces/pico-sdk/src/rp2_common/pico_printf/printf.c.obj
                0x0000000010003490                vfctprintf
 .text.weak_raw_vprintf
                0x00000000100034b0       0x30 CMakeFiles/adc_dma_capture.dir/workspaces/pico-sdk/src/rp2_common/pico_printf/printf.c.obj
                0x00000000100034b0                weak_raw_vprintf
 .text          0x00000000100034e0       0x10 CMakeFiles/adc_dma_capture.dir/workspaces/pico-sdk/src/rp2_common/pico_bit_ops/bit_ops_aeabi.S.obj
 .text.ctzsi    0x00000000100034f0        0xc CMakeFiles/adc_dma_capture.dir/workspaces/pico-sdk/src/rp2_common/pico_bit_ops/bit_ops_aeabi.S.obj
                0x00000000100034f0                __wrap___ctzsi2
 .text.rom_func_lookup
                0x00000000100034fc       0x10 CMakeFiles/adc_dma_capture.dir/workspaces/pico-sdk/src/rp2_common/pico_bootrom/bootrom.c.obj
                0x00000000100034fc                rom_func_lookup
 .text.rom_data_lookup
                0x000000001000350c       0x10 CMakeFiles/adc_dma_capture.dir/workspaces/pico-sdk/src/rp2_common/pico_bootrom/bootrom.c.obj
                0x000000001000350c                rom_data_lookup
 .text.rom_funcs_lookup
                0x000000001000351c       0x3c CMakeFiles/adc_dma_capture.dir/workspaces/pico-sdk/src/rp2_common/pico_bootrom/bootrom.c.obj
                0x000000001000351c                rom_funcs_lookup
 .text.__wrap___aeabi_idiv
                0x0000000010003558       0x50 CMakeFiles/adc_dma_capture.dir/workspaces/pico-sdk/src/rp2_common/pico_divider/divider.S.obj
                0x0000000010003558                __wrap___aeabi_idivmod
                0x0000000010003558                divmod_s32s32
                0x0000000010003558                div_s32s32
                0x0000000010003558                __wrap___aeabi_idiv
                0x0000000010003560                divmod_s32s32_unsafe
                0x000000001000358c                divmod_s32s32_savestate
 .text.__wrap___aeabi_uidiv
                0x00000000100035a8       0x4c CMakeFiles/adc_dma_capture.dir/workspaces/pico-sdk/src/rp2_common/pico_divider/divider.S.obj
                0x00000000100035a8                __wrap___aeabi_uidiv
                0x00000000100035a8                __wrap___aeabi_uidivmod
                0x00000000100035a8                div_u32u32
                0x00000000100035a8                divmod_u32u32
                0x00000000100035b0                divmod_u32u32_unsafe
                0x00000000100035d8                divmod_u32u32_savestate
 .text.__wrap___aeabi_ldiv
                0x00000000100035f4      0x424 CMakeFiles/adc_dma_capture.dir/workspaces/pico-sdk/src/rp2_common/pico_divider/divider.S.obj
                0x00000000100035f4                div_s64s64
                0x00000000100035f4                divmod_s64s64
                0x00000000100035f4                __wrap___aeabi_ldivmod
                0x0000000010003624                div_u64u64
                0x0000000010003624                divmod_u64u64
                0x0000000010003624                __wrap___aeabi_uldivmod
                0x0000000010003634                divmod_u64u64_savestate
                0x0000000010003654                divmod_s64s64_unsafe
                0x00000000100036dc                divmod_u64u64_unsafe
 .text.__wrap___aeabi_darithmetic
                0x0000000010003a18       0x80 CMakeFiles/adc_dma_capture.dir/workspaces/pico-sdk/src/rp2_common/pico_double/double_aeabi.S.obj
                0x0000000010003a18                __wrap___aeabi_drsub
                0x0000000010003a1e                __wrap___aeabi_dsub
                0x0000000010003a30                __wrap___aeabi_dadd
                0x0000000010003a42                __wrap___aeabi_ddiv
                0x0000000010003a7e                __wrap___aeabi_dmul
 .text.__wrap___aeabi_cdcmple
                0x0000000010003a98       0x6c CMakeFiles/adc_dma_capture.dir/workspaces/pico-sdk/src/rp2_common/pico_double/double_aeabi.S.obj
                0x0000000010003a98                __wrap___aeabi_cdrcmple
                0x0000000010003aa8                __wrap___aeabi_cdcmple
                0x0000000010003aa8                __wrap___aeabi_cdcmpeq
 .text.__wrap___aeabi_dcmplt
                0x0000000010003b04        0xc CMakeFiles/adc_dma_capture.dir/workspaces/pico-sdk/src/rp2_common/pico_double/double_aeabi.S.obj
                0x0000000010003b04                __wrap___aeabi_dcmplt
 .text.__wrap___aeabi_dcmple
                0x0000000010003b10       0x10 CMakeFiles/adc_dma_capture.dir/workspaces/pico-sdk/src/rp2_common/pico_double/double_aeabi.S.obj
                0x0000000010003b10                __wrap___aeabi_dcmple
 .text.__wrap___aeabi_dcmpge
                0x0000000010003b20       0x10 CMakeFiles/adc_dma_capture.dir/workspaces/pico-sdk/src/rp2_common/pico_double/double_aeabi.S.obj
                0x0000000010003b20                __wrap___aeabi_dcmpge
 .text.__wrap___aeabi_dcmpgt
                0x0000000010003b30        0xa CMakeFiles/adc_dma_capture.dir/workspaces/pico-sdk/src/rp2_common/pico_double/double_aeabi.S.obj
                0x0000000010003b30                __wrap___aeabi_dcmpgt
 .text.__wrap___aeabi_dcmpun
                0x0000000010003b3a       0x1c CMakeFiles/adc_dma_capture.dir/workspaces/pico-sdk/src/rp2_common/pico_double/double_aeabi.S.obj
                0x0000000010003b3a                __wrap___aeabi_dcmpun
 *fill*         0x0000000010003b56        0x2 
 .text.__wrap___aeabi_i2d
                0x0000000010003b58       0x38 CMakeFiles/adc_dma_capture.dir/workspaces/pico-sdk/src/rp2_common/pico_double/double_aeabi.S.obj
                0x0000000010003b58                __wrap___aeabi_ui2d
                0x0000000010003b60                __wrap___aeabi_i2d
 .text.__wrap___aeabi_d2iz
                0x0000000010003b90       0x48 CMakeFiles/adc_dma_capture.dir/workspaces/pico-sdk/src/rp2_common/pico_double/double_aeabi.S.obj
                0x0000000010003b90                __wrap___aeabi_d2iz
                0x0000000010003b90                double2int_z
 .text.__wrap___aeabi_d2uiz
                0x0000000010003bd8       0x18 CMakeFiles/adc_dma_capture.dir/workspaces/pico-sdk/src/rp2_common/pico_double/double_aeabi.S.obj
                0x0000000010003bd8                double2uint
                0x0000000010003bd8                __wrap___aeabi_d2uiz
 .text.__aeabi_double_init
                0x0000000010003bf0       0xc0 CMakeFiles/adc_dma_capture.dir/workspaces/pico-sdk/src/rp2_common/pico_double/double_init_rom.c.obj
                0x0000000010003bf0                __aeabi_double_init
 .text.double_table_shim_on_use_helper
                0x0000000010003cb0       0x2c CMakeFiles/adc_dma_capture.dir/workspaces/pico-sdk/src/rp2_common/pico_double/double_v1_rom_shim.S.obj
                0x0000000010003cb0                double_table_shim_on_use_helper
 .text.__wrap___aeabi_dsub
                0x0000000010003cdc       0x10 CMakeFiles/adc_dma_capture.dir/workspaces/pico-sdk/src/rp2_common/pico_double/double_v1_rom_shim.S.obj
                0x0000000010003cdc                drsub_shim
                0x0000000010003ce2                dsub_shim
 .text.dadd_shim
                0x0000000010003cec      0x15c CMakeFiles/adc_dma_capture.dir/workspaces/pico-sdk/src/rp2_common/pico_double/double_v1_rom_shim.S.obj
                0x0000000010003cec                dadd_shim
 .text.dmul_shim
                0x0000000010003e48      0x15c CMakeFiles/adc_dma_capture.dir/workspaces/pico-sdk/src/rp2_common/pico_double/double_v1_rom_shim.S.obj
                0x0000000010003e48                dmul_shim
 .text.ddiv_shim
                0x0000000010003fa4      0x1b0 CMakeFiles/adc_dma_capture.dir/workspaces/pico-sdk/src/rp2_common/pico_double/double_v1_rom_shim.S.obj
                0x0000000010003fa4                ddiv_shim
 .text.double2uint_shim
                0x0000000010004154        0xe CMakeFiles/adc_dma_capture.dir/workspaces/pico-sdk/src/rp2_common/pico_double/double_v1_rom_shim.S.obj
                0x0000000010004154                double2uint_shim
                0x0000000010004156                double2ufix_shim
 *fill*         0x0000000010004162        0x2 
 .text.double2uint64_shim
                0x0000000010004164       0x70 CMakeFiles/adc_dma_capture.dir/workspaces/pico-sdk/src/rp2_common/pico_double/double_v1_rom_shim.S.obj
                0x0000000010004164                double2uint64_shim
                0x0000000010004166                double2ufix64_shim
                0x0000000010004186                d2fix_a
 .text.dunpacks
                0x00000000100041d4       0x3c CMakeFiles/adc_dma_capture.dir/workspaces/pico-sdk/src/rp2_common/pico_double/double_v1_rom_shim.S.obj
                0x00000000100041d4                dunpacks
 .text.__aeabi_lmul
                0x0000000010004210       0x32 CMakeFiles/adc_dma_capture.dir/workspaces/pico-sdk/src/rp2_common/pico_int64_ops/pico_int64_ops_aeabi.S.obj
                0x0000000010004210                __wrap___aeabi_lmul
 *fill*         0x0000000010004242        0x2 
 .text.__wrap___aeabi_farithmetic
                0x0000000010004244       0x48 CMakeFiles/adc_dma_capture.dir/workspaces/pico-sdk/src/rp2_common/pico_float/float_aeabi.S.obj
                0x0000000010004244                __wrap___aeabi_frsub
                0x000000001000424a                __wrap___aeabi_fsub
                0x0000000010004250                __wrap___aeabi_fadd
                0x0000000010004256                __wrap___aeabi_fdiv
                0x000000001000427e                __wrap___aeabi_fmul
 .text.__wrap___aeabi_ui2f
                0x000000001000428c        0xa CMakeFiles/adc_dma_capture.dir/workspaces/pico-sdk/src/rp2_common/pico_float/float_aeabi.S.obj
                0x000000001000428c                __wrap___aeabi_ui2f
 *fill*         0x0000000010004296        0x2 
 .text.__wrap___aeabi_i2f
                0x0000000010004298       0x44 CMakeFiles/adc_dma_capture.dir/workspaces/pico-sdk/src/rp2_common/pico_float/float_aeabi.S.obj
                0x0000000010004298                __wrap___aeabi_i2f
 .text.__wrap___aeabi_f2uiz
                0x00000000100042dc        0xc CMakeFiles/adc_dma_capture.dir/workspaces/pico-sdk/src/rp2_common/pico_float/float_aeabi.S.obj
                0x00000000100042dc                __wrap___aeabi_f2uiz
 .text.__aeabi_float_init
                0x00000000100042e8       0x64 CMakeFiles/adc_dma_capture.dir/workspaces/pico-sdk/src/rp2_common/pico_float/float_init_rom.c.obj
                0x00000000100042e8                __aeabi_float_init
 .text.float_table_shim_on_use_helper
                0x000000001000434c       0x2c CMakeFiles/adc_dma_capture.dir/workspaces/pico-sdk/src/rp2_common/pico_float/float_v1_rom_shim.S.obj
                0x000000001000434c                float_table_shim_on_use_helper
 .text          0x0000000010004378       0x10 CMakeFiles/adc_dma_capture.dir/workspaces/pico-sdk/src/rp2_common/pico_mem_ops/mem_ops_aeabi.S.obj
                0x0000000010004378                __aeabi_mem_init
 .text.memcpy   0x0000000010004388        0xc CMakeFiles/adc_dma_capture.dir/workspaces/pico-sdk/src/rp2_common/pico_mem_ops/mem_ops_aeabi.S.obj
                0x0000000010004388                __wrap___aeabi_memcpy
                0x0000000010004388                __wrap_memcpy
 .text.stdio_out_chars_no_crlf
                0x0000000010004394       0x10 CMakeFiles/adc_dma_capture.dir/workspaces/pico-sdk/src/rp2_common/pico_stdio/stdio.c.obj
 .text.stdio_out_chars_crlf
                0x00000000100043a4       0x94 CMakeFiles/adc_dma_capture.dir/workspaces/pico-sdk/src/rp2_common/pico_stdio/stdio.c.obj
 .text.stdio_buffered_printer
                0x0000000010004438       0x64 CMakeFiles/adc_dma_capture.dir/workspaces/pico-sdk/src/rp2_common/pico_stdio/stdio.c.obj
 .text.stdio_put_string
                0x000000001000449c      0x104 CMakeFiles/adc_dma_capture.dir/workspaces/pico-sdk/src/rp2_common/pico_stdio/stdio.c.obj
 .text.__wrap_putchar
                0x00000000100045a0       0x98 CMakeFiles/adc_dma_capture.dir/workspaces/pico-sdk/src/rp2_common/pico_stdio/stdio.c.obj
                0x00000000100045a0                __wrap_putchar
 .text.__wrap_puts
                0x0000000010004638       0x3c CMakeFiles/adc_dma_capture.dir/workspaces/pico-sdk/src/rp2_common/pico_stdio/stdio.c.obj
                0x0000000010004638                __wrap_puts
 .text.stdio_set_driver_enabled
                0x0000000010004674       0x30 CMakeFiles/adc_dma_capture.dir/workspaces/pico-sdk/src/rp2_common/pico_stdio/stdio.c.obj
                0x0000000010004674                stdio_set_driver_enabled
 .text.__wrap_vprintf
                0x00000000100046a4       0xd8 CMakeFiles/adc_dma_capture.dir/workspaces/pico-sdk/src/rp2_common/pico_stdio/stdio.c.obj
                0x00000000100046a4                __wrap_vprintf
 .text.__wrap_printf
                0x000000001000477c       0x18 CMakeFiles/adc_dma_capture.dir/workspaces/pico-sdk/src/rp2_common/pico_stdio/stdio.c.obj
                0x000000001000477c                __wrap_printf
 .text.stdio_init_all
                0x0000000010004794        0xc CMakeFiles/adc_dma_capture.dir/workspaces/pico-sdk/src/rp2_common/pico_stdio/stdio.c.obj
                0x0000000010004794                stdio_init_all
 .text.stdio_uart_out_chars
                0x00000000100047a0       0x4c CMakeFiles/adc_dma_capture.dir/workspaces/pico-sdk/src/rp2_common/pico_stdio_uart/stdio_uart.c.obj
 .text.stdio_uart_in_chars
                0x00000000100047ec       0x84 CMakeFiles/adc_dma_capture.dir/workspaces/pico-sdk/src/rp2_common/pico_stdio_uart/stdio_uart.c.obj
                0x00000000100047ec                stdio_uart_in_chars
 .text.on_uart_rx
                0x0000000010004870       0x28 CMakeFiles/adc_dma_capture.dir/workspaces/pico-sdk/src/rp2_common/pico_stdio_uart/stdio_uart.c.obj
 .text.stdio_uart_set_chars_available_callback
                0x0000000010004898       0x8c CMakeFiles/adc_dma_capture.dir/workspaces/pico-sdk/src/rp2_common/pico_stdio_uart/stdio_uart.c.obj
 .text.stdio_uart_init
                0x0000000010004924       0x48 CMakeFiles/adc_dma_capture.dir/workspaces/pico-sdk/src/rp2_common/pico_stdio_uart/stdio_uart.c.obj
                0x0000000010004924                stdio_uart_init
 .text.adc_init
                0x000000001000496c       0x38 CMakeFiles/adc_dma_capture.dir/workspaces/pico-sdk/src/rp2_common/hardware_adc/adc.c.obj
                0x000000001000496c                adc_init
 .text.dma_claim_unused_channel
                0x00000000100049a4       0x20 CMakeFiles/adc_dma_capture.dir/workspaces/pico-sdk/src/rp2_common/hardware_dma/dma.c.obj
                0x00000000100049a4                dma_claim_unused_channel
 .text.pio_claim_unused_sm
                0x00000000100049c4       0x3c CMakeFiles/adc_dma_capture.dir/workspaces/pico-sdk/src/rp2_common/hardware_pio/pio.c.obj
                0x00000000100049c4                pio_claim_unused_sm
 .text.pio_add_program
                0x0000000010004a00       0xe4 CMakeFiles/adc_dma_capture.dir/workspaces/pico-sdk/src/rp2_common/hardware_pio/pio.c.obj
                0x0000000010004a00                pio_add_program
 .text.pio_sm_set_pins_with_mask
                0x0000000010004ae4       0xa4 CMakeFiles/adc_dma_capture.dir/workspaces/pico-sdk/src/rp2_common/hardware_pio/pio.c.obj
                0x0000000010004ae4                pio_sm_set_pins_with_mask
 .text.pio_sm_set_pindirs_with_mask
                0x0000000010004b88       0xa4 CMakeFiles/adc_dma_capture.dir/workspaces/pico-sdk/src/rp2_common/hardware_pio/pio.c.obj
                0x0000000010004b88                pio_sm_set_pindirs_with_mask
 .text.pio_sm_init
                0x0000000010004c2c       0x8c CMakeFiles/adc_dma_capture.dir/workspaces/pico-sdk/src/rp2_common/hardware_pio/pio.c.obj
                0x0000000010004c2c                pio_sm_init
 .text.core1_trampoline
                0x0000000010004cb8        0x4 CMakeFiles/adc_dma_capture.dir/workspaces/pico-sdk/src/rp2_common/pico_multicore/multicore.c.obj
 .text.core1_wrapper
                0x0000000010004cbc        0xc CMakeFiles/adc_dma_capture.dir/workspaces/pico-sdk/src/rp2_common/pico_multicore/multicore.c.obj
                0x0000000010004cbc                core1_wrapper
 .text.multicore_launch_core1_raw
                0x0000000010004cc8       0x84 CMakeFiles/adc_dma_capture.dir/workspaces/pico-sdk/src/rp2_common/pico_multicore/multicore.c.obj
                0x0000000010004cc8                multicore_launch_core1_raw
 .text.multicore_launch_core1
                0x0000000010004d4c       0x4c CMakeFiles/adc_dma_capture.dir/workspaces/pico-sdk/src/rp2_common/pico_multicore/multicore.c.obj
                0x0000000010004d4c                multicore_launch_core1
 .text          0x0000000010004d98       0x68 /usr/lib/gcc/arm-none-eabi/9.2.1/../../../arm-none-eabi/lib/thumb/v6-m/nofp/libc.a(lib_a-strlen-stub.o)
                0x0000000010004d98                strlen
 *(.fini)
 .fini          0x0000000010004e00        0x4 /usr/lib/gcc/arm-none-eabi/9.2.1/thumb/v6-m/nofp/crti.o
                0x0000000010004e00                _fini
 *fill*         0x0000000010004e04        0x4 
 .fini.__stub   0x0000000010004e08       0x40 linker stubs
 *crtbegin.o(.ctors)
 *crtbegin?.o(.ctors)
 *(EXCLUDE_FILE(*crtend.o *crtend?.o) .ctors)
 *(SORT_BY_NAME(.ctors.*))
 *(.ctors)
 *crtbegin.o(.dtors)
 *crtbegin?.o(.dtors)
 *(EXCLUDE_FILE(*crtend.o *crtend?.o) .dtors)
 *(SORT_BY_NAME(.dtors.*))
 *(.dtors)
 *(.eh_frame*)
 .eh_frame      0x0000000010004e48        0x0 /usr/lib/gcc/arm-none-eabi/9.2.1/thumb/v6-m/nofp/crtbegin.o
                0x0000000010004e48                . = ALIGN (0x4)

.glue_7         0x0000000010004e48        0x0
 .glue_7        0x0000000010004e48        0x0 linker stubs

.glue_7t        0x0000000010004e48        0x0
 .glue_7t       0x0000000010004e48        0x0 linker stubs

.vfp11_veneer   0x0000000010004e48        0x0
 .vfp11_veneer  0x0000000010004e48        0x0 linker stubs

.v4_bx          0x0000000010004e48        0x0
 .v4_bx         0x0000000010004e48        0x0 linker stubs

.iplt           0x0000000010004e48        0x0
 .iplt          0x0000000010004e48        0x0 /usr/lib/gcc/arm-none-eabi/9.2.1/thumb/v6-m/nofp/crtbegin.o

.rodata         0x0000000010004e48      0x430
 *(EXCLUDE_FILE(*libm.a: *libc.a:*lib_a-mem*.o *libgcc.a:) .rodata*)
 .rodata.main.str1.4
                0x0000000010004e48       0x3b CMakeFiles/adc_dma_capture.dir/dma_capture.c.obj
 *fill*         0x0000000010004e83        0x1 
 .rodata.resistor_dac_5bit_program
                0x0000000010004e84        0x6 CMakeFiles/adc_dma_capture.dir/dma_capture.c.obj
 *fill*         0x0000000010004e8a        0x2 
 .rodata.resistor_dac_5bit_program_instructions
                0x0000000010004e8c        0x2 CMakeFiles/adc_dma_capture.dir/dma_capture.c.obj
 *fill*         0x0000000010004e8e        0x2 
 .rodata.hardware_alarm_claim.str1.4
                0x0000000010004e90       0x22 CMakeFiles/adc_dma_capture.dir/workspaces/pico-sdk/src/rp2_common/hardware_timer/timer.c.obj
 *fill*         0x0000000010004eb2        0x2 
 .rodata.panic.str1.4
                0x0000000010004eb4       0x12 CMakeFiles/adc_dma_capture.dir/workspaces/pico-sdk/src/rp2_common/pico_runtime/runtime.c.obj
 *fill*         0x0000000010004ec6        0x2 
 .rodata.hard_assertion_failure.str1.4
                0x0000000010004ec8        0xc CMakeFiles/adc_dma_capture.dir/workspaces/pico-sdk/src/rp2_common/pico_runtime/runtime.c.obj
 .rodata._ftoa.str1.4
                0x0000000010004ed4       0x15 CMakeFiles/adc_dma_capture.dir/workspaces/pico-sdk/src/rp2_common/pico_printf/printf.c.obj
 *fill*         0x0000000010004ee9        0x3 
 .rodata._vsnprintf
                0x0000000010004eec      0x1e0 CMakeFiles/adc_dma_capture.dir/workspaces/pico-sdk/src/rp2_common/pico_printf/printf.c.obj
 *fill*         0x00000000100050cc        0x4 
 .rodata.pow10.5452
                0x00000000100050d0       0x50 CMakeFiles/adc_dma_capture.dir/workspaces/pico-sdk/src/rp2_common/pico_printf/printf.c.obj
 .rodata.str1.4
                0x0000000010005120       0x8c CMakeFiles/adc_dma_capture.dir/workspaces/pico-sdk/src/rp2_common/pico_standard_link/binary_info.c.obj
 .rodata.__bi_44
                0x00000000100051ac        0xc CMakeFiles/adc_dma_capture.dir/workspaces/pico-sdk/src/rp2_common/pico_standard_link/binary_info.c.obj
 .rodata.__bi_69
                0x00000000100051b8        0xc CMakeFiles/adc_dma_capture.dir/workspaces/pico-sdk/src/rp2_common/pico_standard_link/binary_info.c.obj
 .rodata.__bi_75
                0x00000000100051c4        0xc CMakeFiles/adc_dma_capture.dir/workspaces/pico-sdk/src/rp2_common/pico_standard_link/binary_info.c.obj
 .rodata.__bi_81
                0x00000000100051d0        0xc CMakeFiles/adc_dma_capture.dir/workspaces/pico-sdk/src/rp2_common/pico_standard_link/binary_info.c.obj
 .rodata.crlf_str.6233
                0x00000000100051dc        0x2 CMakeFiles/adc_dma_capture.dir/workspaces/pico-sdk/src/rp2_common/pico_stdio/stdio.c.obj
 *fill*         0x00000000100051de        0x2 
 .rodata.str1.4
                0x00000000100051e0       0x2c CMakeFiles/adc_dma_capture.dir/workspaces/pico-sdk/src/rp2_common/pico_stdio_uart/stdio_uart.c.obj
 .rodata.__bi_33.4878
                0x000000001000520c        0xc CMakeFiles/adc_dma_capture.dir/workspaces/pico-sdk/src/rp2_common/pico_stdio_uart/stdio_uart.c.obj
 .rodata.__bi_34.4882
                0x0000000010005218        0x8 CMakeFiles/adc_dma_capture.dir/workspaces/pico-sdk/src/rp2_common/pico_stdio_uart/stdio_uart.c.obj
 .rodata.dma_claim_unused_channel.str1.4
                0x0000000010005220       0x1e CMakeFiles/adc_dma_capture.dir/workspaces/pico-sdk/src/rp2_common/hardware_dma/dma.c.obj
 *fill*         0x000000001000523e        0x2 
 .rodata.pio_claim_unused_sm.str1.4
                0x0000000010005240       0x24 CMakeFiles/adc_dma_capture.dir/workspaces/pico-sdk/src/rp2_common/hardware_pio/pio.c.obj
 .rodata.pio_add_program.str1.4
                0x0000000010005264       0x11 CMakeFiles/adc_dma_capture.dir/workspaces/pico-sdk/src/rp2_common/hardware_pio/pio.c.obj
                0x0000000010005278                . = ALIGN (0x4)
 *fill*         0x0000000010005275        0x3 
 *(SORT_BY_ALIGNMENT(SORT_BY_NAME(.flashdata*)))
                0x0000000010005278                . = ALIGN (0x4)

.rel.dyn        0x0000000010005278        0x0
 .rel.iplt      0x0000000010005278        0x0 /usr/lib/gcc/arm-none-eabi/9.2.1/thumb/v6-m/nofp/crtbegin.o

.ARM.extab
 *(.ARM.extab* .gnu.linkonce.armextab.*)
                0x0000000010005278                __exidx_start = .

.ARM.exidx
 *(.ARM.exidx* .gnu.linkonce.armexidx.*)
                0x0000000010005278                __exidx_end = .
                0x0000000010005278                . = ALIGN (0x4)
                0x0000000010005278                __binary_info_start = .

.binary_info    0x0000000010005278       0x28
 *(.binary_info.keep.*)
 .binary_info.keep.__bi_ptr22
                0x0000000010005278        0x4 CMakeFiles/adc_dma_capture.dir/workspaces/pico-sdk/src/rp2_common/pico_standard_link/binary_info.c.obj
 .binary_info.keep.__bi_ptr30
                0x000000001000527c        0x4 CMakeFiles/adc_dma_capture.dir/workspaces/pico-sdk/src/rp2_common/pico_standard_link/binary_info.c.obj
 .binary_info.keep.__bi_ptr38
                0x0000000010005280        0x4 CMakeFiles/adc_dma_capture.dir/workspaces/pico-sdk/src/rp2_common/pico_standard_link/binary_info.c.obj
 .binary_info.keep.__bi_ptr44
                0x0000000010005284        0x4 CMakeFiles/adc_dma_capture.dir/workspaces/pico-sdk/src/rp2_common/pico_standard_link/binary_info.c.obj
 .binary_info.keep.__bi_ptr50
                0x0000000010005288        0x4 CMakeFiles/adc_dma_capture.dir/workspaces/pico-sdk/src/rp2_common/pico_standard_link/binary_info.c.obj
 .binary_info.keep.__bi_ptr69
                0x000000001000528c        0x4 CMakeFiles/adc_dma_capture.dir/workspaces/pico-sdk/src/rp2_common/pico_standard_link/binary_info.c.obj
 .binary_info.keep.__bi_ptr75
                0x0000000010005290        0x4 CMakeFiles/adc_dma_capture.dir/workspaces/pico-sdk/src/rp2_common/pico_standard_link/binary_info.c.obj
 .binary_info.keep.__bi_ptr81
                0x0000000010005294        0x4 CMakeFiles/adc_dma_capture.dir/workspaces/pico-sdk/src/rp2_common/pico_standard_link/binary_info.c.obj
 *(.binary_info.*)
 .binary_info.__bi_ptr33
                0x0000000010005298        0x4 CMakeFiles/adc_dma_capture.dir/workspaces/pico-sdk/src/rp2_common/pico_stdio_uart/stdio_uart.c.obj
 .binary_info.__bi_ptr34
                0x000000001000529c        0x4 CMakeFiles/adc_dma_capture.dir/workspaces/pico-sdk/src/rp2_common/pico_stdio_uart/stdio_uart.c.obj
                0x00000000100052a0                __binary_info_end = .
                0x00000000100052a0                . = ALIGN (0x4)
                0x00000000100052a0                __etext = .

.ram_vector_table
                0x0000000020000000       0xc0
 *(.ram_vector_table)
 .ram_vector_table
                0x0000000020000000       0xc0 CMakeFiles/adc_dma_capture.dir/workspaces/pico-sdk/src/rp2_common/pico_runtime/runtime.c.obj
                0x0000000020000000                ram_vector_table

.data           0x00000000200000c0      0x1cc load address 0x00000000100052a0
                0x00000000200000c0                __data_start__ = .
 *(vtable)
 *(.time_critical*)
 .time_critical.mutex_try_enter_block_until
                0x00000000200000c0       0xb0 CMakeFiles/adc_dma_capture.dir/workspaces/pico-sdk/src/common/pico_sync/mutex.c.obj
                0x00000000200000c0                mutex_try_enter_block_until
 .time_critical.mutex_exit
                0x0000000020000170       0x28 CMakeFiles/adc_dma_capture.dir/workspaces/pico-sdk/src/common/pico_sync/mutex.c.obj
                0x0000000020000170                mutex_exit
 *(.text*)
 .text          0x0000000020000198        0x4 /usr/lib/gcc/arm-none-eabi/9.2.1/thumb/v6-m/nofp/libgcc.a(_dvmd_tls.o)
                0x0000000020000198                __aeabi_ldiv0
                0x0000000020000198                __aeabi_idiv0
 *fill*         0x000000002000019c        0x4 
 .text.__stub   0x00000000200001a0       0x10 linker stubs
                0x00000000200001b0                . = ALIGN (0x4)
 *(.rodata*)
                0x00000000200001b0                . = ALIGN (0x4)
 *(.data*)
 .data.striped_spin_lock_num
                0x00000000200001b0        0x1 CMakeFiles/adc_dma_capture.dir/workspaces/pico-sdk/src/rp2_common/hardware_sync/sync.c.obj
 *fill*         0x00000000200001b1        0x3 
 .data          0x00000000200001b4       0x48 CMakeFiles/adc_dma_capture.dir/workspaces/pico-sdk/src/rp2_common/hardware_irq/irq_handler_chain.S.obj
                0x00000000200001b4                irq_handler_chain_slots
                0x00000000200001e4                irq_handler_chain_first_slot
                0x00000000200001ee                irq_handler_chain_remove_tail
 .data.default_alarm_pool
                0x00000000200001fc       0x18 CMakeFiles/adc_dma_capture.dir/workspaces/pico-sdk/src/common/pico_time/time.c.obj
 .data.default_alarm_pool_heap
                0x0000000020000214       0x10 CMakeFiles/adc_dma_capture.dir/workspaces/pico-sdk/src/common/pico_time/time.c.obj
 *fill*         0x0000000020000224        0xc 
 .data.aeabi_bits_funcs
                0x0000000020000230       0x10 CMakeFiles/adc_dma_capture.dir/workspaces/pico-sdk/src/rp2_common/pico_bit_ops/bit_ops_aeabi.S.obj
                0x0000000020000230                aeabi_bits_funcs
                0x0000000020000240                aeabi_bits_funcs_end
 .data.aeabi_mem_funcs
                0x0000000020000240       0x10 CMakeFiles/adc_dma_capture.dir/workspaces/pico-sdk/src/rp2_common/pico_mem_ops/mem_ops_aeabi.S.obj
                0x0000000020000240                aeabi_mem_funcs
                0x0000000020000250                aeabi_mem_funcs_end
 .data.stdio_uart
                0x0000000020000250       0x18 CMakeFiles/adc_dma_capture.dir/workspaces/pico-sdk/src/rp2_common/pico_stdio_uart/stdio_uart.c.obj
                0x0000000020000250                stdio_uart
                0x0000000020000268                . = ALIGN (0x4)
 *(.after_data.*)
                0x0000000020000268                . = ALIGN (0x4)
                0x0000000020000268                PROVIDE (__mutex_array_start = .)
 *(SORT_BY_NAME(.mutex_array.*))
 *(.mutex_array)
 .mutex_array   0x0000000020000268        0x8 CMakeFiles/adc_dma_capture.dir/workspaces/pico-sdk/src/rp2_common/pico_malloc/pico_malloc.c.obj
 .mutex_array   0x0000000020000270        0x8 CMakeFiles/adc_dma_capture.dir/workspaces/pico-sdk/src/rp2_common/pico_stdio/stdio.c.obj
                0x0000000020000278                PROVIDE (__mutex_array_end = .)
                0x0000000020000278                . = ALIGN (0x4)
                0x0000000020000278                PROVIDE (__preinit_array_start = .)
 *(SORT_BY_NAME(.preinit_array.*))
 .preinit_array.00001
                0x0000000020000278        0x4 CMakeFiles/adc_dma_capture.dir/workspaces/pico-sdk/src/rp2_common/pico_mem_ops/mem_ops_aeabi.S.obj
 .preinit_array.00010
                0x000000002000027c        0x4 CMakeFiles/adc_dma_capture.dir/workspaces/pico-sdk/src/rp2_common/pico_bit_ops/bit_ops_aeabi.S.obj
 .preinit_array.00020
                0x0000000020000280        0x4 CMakeFiles/adc_dma_capture.dir/workspaces/pico-sdk/src/rp2_common/pico_double/double_aeabi.S.obj
 .preinit_array.00020
                0x0000000020000284        0x4 CMakeFiles/adc_dma_capture.dir/workspaces/pico-sdk/src/rp2_common/pico_float/float_aeabi.S.obj
 *(.preinit_array)
                0x0000000020000288                PROVIDE (__preinit_array_end = .)
                0x0000000020000288                . = ALIGN (0x4)
                0x0000000020000288                PROVIDE (__init_array_start = .)
 *(SORT_BY_NAME(.init_array.*))
 *(.init_array)
 .init_array    0x0000000020000288        0x4 /usr/lib/gcc/arm-none-eabi/9.2.1/thumb/v6-m/nofp/crtbegin.o
                0x000000002000028c                PROVIDE (__init_array_end = .)
                0x000000002000028c                . = ALIGN (0x4)
                0x000000002000028c                PROVIDE (__fini_array_start = .)
 *(SORT_BY_NAME(.fini_array.*))
 *(.fini_array)
                0x000000002000028c                PROVIDE (__fini_array_end = .)
 *(.jcr)
                0x000000002000028c                . = ALIGN (0x4)
                0x000000002000028c                __data_end__ = .

.tm_clone_table
                0x000000002000028c        0x0 load address 0x000000001000546c
 .tm_clone_table
                0x000000002000028c        0x0 /usr/lib/gcc/arm-none-eabi/9.2.1/thumb/v6-m/nofp/crtbegin.o
 .tm_clone_table
                0x000000002000028c        0x0 /usr/lib/gcc/arm-none-eabi/9.2.1/thumb/v6-m/nofp/crtend.o

.igot.plt       0x000000002000028c        0x0 load address 0x000000001000546c
 .igot.plt      0x000000002000028c        0x0 /usr/lib/gcc/arm-none-eabi/9.2.1/thumb/v6-m/nofp/crtbegin.o

.uninitialized_data
                0x000000002000028c        0x0 load address 0x000000001000546c
                0x000000002000028c                . = ALIGN (0x4)
 *(.uninitialized_data*)

.scratch_x      0x0000000020040000        0x0 load address 0x000000001000546c
                0x0000000020040000                __scratch_x_start__ = .
 *(.scratch_x.*)
                0x0000000020040000                . = ALIGN (0x4)
                0x0000000020040000                __scratch_x_end__ = .
                0x000000001000546c                __scratch_x_source__ = LOADADDR (.scratch_x)

.scratch_y      0x0000000020041000        0x0 load address 0x000000001000546c
                0x0000000020041000                __scratch_y_start__ = .
 *(.scratch_y.*)
                0x0000000020041000                . = ALIGN (0x4)
                0x0000000020041000                __scratch_y_end__ = .
                0x000000001000546c                __scratch_y_source__ = LOADADDR (.scratch_y)

.bss            0x0000000020000290      0x7d0
                0x0000000020000290                . = ALIGN (0x4)
                0x0000000020000290                __bss_start__ = .
 *(SORT_BY_ALIGNMENT(SORT_BY_NAME(.bss*)))
 .bss.default_alarm_pool_entries
                0x0000000020000290      0x100 CMakeFiles/adc_dma_capture.dir/workspaces/pico-sdk/src/common/pico_time/time.c.obj
 .bss           0x0000000020000390       0x1c /usr/lib/gcc/arm-none-eabi/9.2.1/thumb/v6-m/nofp/crtbegin.o
 .bss._used_instruction_space
                0x00000000200003ac        0x8 CMakeFiles/adc_dma_capture.dir/workspaces/pico-sdk/src/rp2_common/hardware_pio/pio.c.obj
 .bss.alarm_callbacks
                0x00000000200003b4       0x10 CMakeFiles/adc_dma_capture.dir/workspaces/pico-sdk/src/rp2_common/hardware_timer/timer.c.obj
 .bss.chars_available_callback
                0x00000000200003c4        0x4 CMakeFiles/adc_dma_capture.dir/workspaces/pico-sdk/src/rp2_common/pico_stdio_uart/stdio_uart.c.obj
 .bss.chars_available_param
                0x00000000200003c8        0x4 CMakeFiles/adc_dma_capture.dir/workspaces/pico-sdk/src/rp2_common/pico_stdio_uart/stdio_uart.c.obj
 .bss.configured_freq
                0x00000000200003cc       0x28 CMakeFiles/adc_dma_capture.dir/workspaces/pico-sdk/src/rp2_common/hardware_clocks/clocks.c.obj
 .bss.default_alarm_pool_entry_ids_high
                0x00000000200003f4       0x10 CMakeFiles/adc_dma_capture.dir/workspaces/pico-sdk/src/common/pico_time/time.c.obj
 .bss.default_alarm_pool_heap_nodes
                0x0000000020000404       0x30 CMakeFiles/adc_dma_capture.dir/workspaces/pico-sdk/src/common/pico_time/time.c.obj
 .bss.drivers   0x0000000020000434        0x4 CMakeFiles/adc_dma_capture.dir/workspaces/pico-sdk/src/rp2_common/pico_stdio/stdio.c.obj
 .bss.filter    0x0000000020000438        0x4 CMakeFiles/adc_dma_capture.dir/workspaces/pico-sdk/src/rp2_common/pico_stdio/stdio.c.obj
 .bss.lazy_vsnprintf
                0x000000002000043c        0x4 CMakeFiles/adc_dma_capture.dir/workspaces/pico-sdk/src/rp2_common/pico_printf/printf.c.obj
 .bss.pools     0x0000000020000440       0x10 CMakeFiles/adc_dma_capture.dir/workspaces/pico-sdk/src/common/pico_time/time.c.obj
 .bss.sf_clz_func
                0x0000000020000450        0x4 CMakeFiles/adc_dma_capture.dir/workspaces/pico-sdk/src/rp2_common/pico_double/double_init_rom.c.obj
                0x0000000020000450                sf_clz_func
 .bss.sleep_notifier
                0x0000000020000454        0x4 CMakeFiles/adc_dma_capture.dir/workspaces/pico-sdk/src/common/pico_time/time.c.obj
 .bss.target_hi
                0x0000000020000458       0x10 CMakeFiles/adc_dma_capture.dir/workspaces/pico-sdk/src/rp2_common/hardware_timer/timer.c.obj
 .bss.uart_instance
                0x0000000020000468        0x4 CMakeFiles/adc_dma_capture.dir/workspaces/pico-sdk/src/rp2_common/pico_stdio_uart/stdio_uart.c.obj
 .bss._claimed  0x000000002000046c        0x2 CMakeFiles/adc_dma_capture.dir/workspaces/pico-sdk/src/rp2_common/hardware_dma/dma.c.obj
 .bss.claimed   0x000000002000046e        0x1 CMakeFiles/adc_dma_capture.dir/workspaces/pico-sdk/src/rp2_common/hardware_timer/timer.c.obj
 .bss.claimed   0x000000002000046f        0x1 CMakeFiles/adc_dma_capture.dir/workspaces/pico-sdk/src/rp2_common/hardware_pio/pio.c.obj
 .bss.irq_hander_chain_free_slot_head
                0x0000000020000470        0x1 CMakeFiles/adc_dma_capture.dir/workspaces/pico-sdk/src/rp2_common/hardware_irq/irq.c.obj
 .bss.timer_callbacks_pending
                0x0000000020000471        0x1 CMakeFiles/adc_dma_capture.dir/workspaces/pico-sdk/src/rp2_common/hardware_timer/timer.c.obj
 *(COMMON)
 *fill*         0x0000000020000472        0x2 
 COMMON         0x0000000020000474      0x3e8 CMakeFiles/adc_dma_capture.dir/dma_capture.c.obj
                0x0000000020000474                capture_buf
 COMMON         0x000000002000085c        0x4 CMakeFiles/adc_dma_capture.dir/workspaces/pico-sdk/src/rp2_common/hardware_uart/uart.c.obj
                0x000000002000085c                uart_char_to_line_feed
 COMMON         0x0000000020000860      0x100 CMakeFiles/adc_dma_capture.dir/workspaces/pico-sdk/src/rp2_common/pico_double/double_init_rom.c.obj
                0x0000000020000860                sd_table
 COMMON         0x0000000020000960      0x100 CMakeFiles/adc_dma_capture.dir/workspaces/pico-sdk/src/rp2_common/pico_float/float_init_rom.c.obj
                0x0000000020000960                sf_table
                0x0000000020000a60                . = ALIGN (0x4)
                0x0000000020000a60                __bss_end__ = .

.heap           0x0000000020000a60      0x800
                0x0000000020000a60                __end__ = .
                0x0000000020000a60                end = __end__
 *(.heap*)
 .heap          0x0000000020000a60      0x800 CMakeFiles/adc_dma_capture.dir/workspaces/pico-sdk/src/rp2_common/pico_standard_link/crt0.S.obj
                0x0000000020001260                __HeapLimit = .

.stack1_dummy   0x0000000020040000      0x800
 *(.stack1*)
 .stack1        0x0000000020040000      0x800 CMakeFiles/adc_dma_capture.dir/workspaces/pico-sdk/src/rp2_common/pico_multicore/multicore.c.obj

.stack_dummy    0x0000000020041000      0x800
 *(.stack*)
 .stack         0x0000000020041000      0x800 CMakeFiles/adc_dma_capture.dir/workspaces/pico-sdk/src/rp2_common/pico_standard_link/crt0.S.obj

.flash_end      0x000000001000546c        0x0
                0x000000001000546c                __flash_binary_end = .
                0x0000000020040000                __StackLimit = (ORIGIN (RAM) + LENGTH (RAM))
                0x0000000020041000                __StackOneTop = (ORIGIN (SCRATCH_X) + LENGTH (SCRATCH_X))
                0x0000000020042000                __StackTop = (ORIGIN (SCRATCH_Y) + LENGTH (SCRATCH_Y))
                0x0000000020040800                __StackOneBottom = (__StackOneTop - SIZEOF (.stack1_dummy))
                0x0000000020041800                __StackBottom = (__StackTop - SIZEOF (.stack_dummy))
                0x0000000020042000                PROVIDE (__stack = __StackTop)
                0x0000000000000001                ASSERT ((__StackLimit >= __HeapLimit), region RAM overflowed)
                0x0000000000000001                ASSERT (((__binary_info_header_end - __logical_binary_start) <= 0x100), Binary info must be in first 256 bytes of the binary)
LOAD CMakeFiles/adc_dma_capture.dir/dma_capture.c.obj
LOAD CMakeFiles/adc_dma_capture.dir/workspaces/pico-sdk/src/rp2_common/pico_stdlib/stdlib.c.obj
LOAD CMakeFiles/adc_dma_capture.dir/workspaces/pico-sdk/src/rp2_common/hardware_gpio/gpio.c.obj
LOAD CMakeFiles/adc_dma_capture.dir/workspaces/pico-sdk/src/rp2_common/pico_platform/platform.c.obj
LOAD CMakeFiles/adc_dma_capture.dir/workspaces/pico-sdk/src/rp2_common/hardware_claim/claim.c.obj
LOAD CMakeFiles/adc_dma_capture.dir/workspaces/pico-sdk/src/rp2_common/hardware_sync/sync.c.obj
LOAD CMakeFiles/adc_dma_capture.dir/workspaces/pico-sdk/src/rp2_common/hardware_irq/irq.c.obj
LOAD CMakeFiles/adc_dma_capture.dir/workspaces/pico-sdk/src/rp2_common/hardware_irq/irq_handler_chain.S.obj
LOAD CMakeFiles/adc_dma_capture.dir/workspaces/pico-sdk/src/common/pico_sync/sem.c.obj
LOAD CMakeFiles/adc_dma_capture.dir/workspaces/pico-sdk/src/common/pico_sync/lock_core.c.obj
LOAD CMakeFiles/adc_dma_capture.dir/workspaces/pico-sdk/src/common/pico_sync/mutex.c.obj
LOAD CMakeFiles/adc_dma_capture.dir/workspaces/pico-sdk/src/common/pico_sync/critical_section.c.obj
LOAD CMakeFiles/adc_dma_capture.dir/workspaces/pico-sdk/src/common/pico_time/time.c.obj
LOAD CMakeFiles/adc_dma_capture.dir/workspaces/pico-sdk/src/common/pico_time/timeout_helper.c.obj
LOAD CMakeFiles/adc_dma_capture.dir/workspaces/pico-sdk/src/rp2_common/hardware_timer/timer.c.obj
LOAD CMakeFiles/adc_dma_capture.dir/workspaces/pico-sdk/src/common/pico_util/datetime.c.obj
LOAD CMakeFiles/adc_dma_capture.dir/workspaces/pico-sdk/src/common/pico_util/pheap.c.obj
LOAD CMakeFiles/adc_dma_capture.dir/workspaces/pico-sdk/src/common/pico_util/queue.c.obj
LOAD CMakeFiles/adc_dma_capture.dir/workspaces/pico-sdk/src/rp2_common/hardware_uart/uart.c.obj
LOAD CMakeFiles/adc_dma_capture.dir/workspaces/pico-sdk/src/rp2_common/hardware_clocks/clocks.c.obj
LOAD CMakeFiles/adc_dma_capture.dir/workspaces/pico-sdk/src/rp2_common/hardware_pll/pll.c.obj
LOAD CMakeFiles/adc_dma_capture.dir/workspaces/pico-sdk/src/rp2_common/hardware_vreg/vreg.c.obj
LOAD CMakeFiles/adc_dma_capture.dir/workspaces/pico-sdk/src/rp2_common/hardware_watchdog/watchdog.c.obj
LOAD CMakeFiles/adc_dma_capture.dir/workspaces/pico-sdk/src/rp2_common/hardware_xosc/xosc.c.obj
LOAD CMakeFiles/adc_dma_capture.dir/workspaces/pico-sdk/src/rp2_common/hardware_divider/divider.S.obj
LOAD CMakeFiles/adc_dma_capture.dir/workspaces/pico-sdk/src/rp2_common/pico_runtime/runtime.c.obj
LOAD CMakeFiles/adc_dma_capture.dir/workspaces/pico-sdk/src/rp2_common/pico_printf/printf.c.obj
LOAD CMakeFiles/adc_dma_capture.dir/workspaces/pico-sdk/src/rp2_common/pico_bit_ops/bit_ops_aeabi.S.obj
LOAD CMakeFiles/adc_dma_capture.dir/workspaces/pico-sdk/src/rp2_common/pico_bootrom/bootrom.c.obj
LOAD CMakeFiles/adc_dma_capture.dir/workspaces/pico-sdk/src/rp2_common/pico_divider/divider.S.obj
LOAD CMakeFiles/adc_dma_capture.dir/workspaces/pico-sdk/src/rp2_common/pico_double/double_aeabi.S.obj
LOAD CMakeFiles/adc_dma_capture.dir/workspaces/pico-sdk/src/rp2_common/pico_double/double_init_rom.c.obj
LOAD CMakeFiles/adc_dma_capture.dir/workspaces/pico-sdk/src/rp2_common/pico_double/double_math.c.obj
LOAD CMakeFiles/adc_dma_capture.dir/workspaces/pico-sdk/src/rp2_common/pico_double/double_v1_rom_shim.S.obj
LOAD CMakeFiles/adc_dma_capture.dir/workspaces/pico-sdk/src/rp2_common/pico_int64_ops/pico_int64_ops_aeabi.S.obj
LOAD CMakeFiles/adc_dma_capture.dir/workspaces/pico-sdk/src/rp2_common/pico_float/float_aeabi.S.obj
LOAD CMakeFiles/adc_dma_capture.dir/workspaces/pico-sdk/src/rp2_common/pico_float/float_init_rom.c.obj
LOAD CMakeFiles/adc_dma_capture.dir/workspaces/pico-sdk/src/rp2_common/pico_float/float_math.c.obj
LOAD CMakeFiles/adc_dma_capture.dir/workspaces/pico-sdk/src/rp2_common/pico_float/float_v1_rom_shim.S.obj
LOAD CMakeFiles/adc_dma_capture.dir/workspaces/pico-sdk/src/rp2_common/pico_malloc/pico_malloc.c.obj
LOAD CMakeFiles/adc_dma_capture.dir/workspaces/pico-sdk/src/rp2_common/pico_mem_ops/mem_ops_aeabi.S.obj
LOAD CMakeFiles/adc_dma_capture.dir/workspaces/pico-sdk/src/rp2_common/pico_standard_link/crt0.S.obj
LOAD CMakeFiles/adc_dma_capture.dir/workspaces/pico-sdk/src/rp2_common/pico_standard_link/new_delete.cpp.obj
LOAD CMakeFiles/adc_dma_capture.dir/workspaces/pico-sdk/src/rp2_common/pico_standard_link/binary_info.c.obj
LOAD CMakeFiles/adc_dma_capture.dir/workspaces/pico-sdk/src/rp2_common/pico_stdio/stdio.c.obj
LOAD CMakeFiles/adc_dma_capture.dir/workspaces/pico-sdk/src/rp2_common/pico_stdio_uart/stdio_uart.c.obj
LOAD CMakeFiles/adc_dma_capture.dir/workspaces/pico-sdk/src/rp2_common/hardware_adc/adc.c.obj
LOAD CMakeFiles/adc_dma_capture.dir/workspaces/pico-sdk/src/rp2_common/hardware_dma/dma.c.obj
LOAD CMakeFiles/adc_dma_capture.dir/workspaces/pico-sdk/src/rp2_common/hardware_pio/pio.c.obj
LOAD CMakeFiles/adc_dma_capture.dir/workspaces/pico-sdk/src/rp2_common/pico_multicore/multicore.c.obj
LOAD /tmp/cc0k2A8z.o
LOAD /usr/lib/gcc/arm-none-eabi/9.2.1/../../../arm-none-eabi/lib/thumb/v6-m/nofp/libstdc++.a
LOAD /usr/lib/gcc/arm-none-eabi/9.2.1/../../../arm-none-eabi/lib/thumb/v6-m/nofp/libm.a
START GROUP
LOAD /usr/lib/gcc/arm-none-eabi/9.2.1/thumb/v6-m/nofp/libgcc.a
LOAD /usr/lib/gcc/arm-none-eabi/9.2.1/../../../arm-none-eabi/lib/thumb/v6-m/nofp/libc.a
END GROUP
START GROUP
LOAD /usr/lib/gcc/arm-none-eabi/9.2.1/thumb/v6-m/nofp/libgcc.a
LOAD /usr/lib/gcc/arm-none-eabi/9.2.1/../../../arm-none-eabi/lib/thumb/v6-m/nofp/libc.a
LOAD /usr/lib/gcc/arm-none-eabi/9.2.1/../../../arm-none-eabi/lib/thumb/v6-m/nofp/libnosys.a
END GROUP
LOAD /usr/lib/gcc/arm-none-eabi/9.2.1/thumb/v6-m/nofp/crtend.o
LOAD /usr/lib/gcc/arm-none-eabi/9.2.1/thumb/v6-m/nofp/crtn.o
OUTPUT(adc_dma_capture.elf elf32-littlearm)
LOAD linker stubs

.ARM.attributes
                0x0000000000000000       0x28
 .ARM.attributes
                0x0000000000000000       0x1e /usr/lib/gcc/arm-none-eabi/9.2.1/thumb/v6-m/nofp/crti.o
 .ARM.attributes
                0x000000000000001e       0x2c /usr/lib/gcc/arm-none-eabi/9.2.1/thumb/v6-m/nofp/crtbegin.o
 .ARM.attributes
                0x000000000000004a       0x2c CMakeFiles/adc_dma_capture.dir/dma_capture.c.obj
 .ARM.attributes
                0x0000000000000076       0x2c CMakeFiles/adc_dma_capture.dir/workspaces/pico-sdk/src/rp2_common/hardware_gpio/gpio.c.obj
 .ARM.attributes
                0x00000000000000a2       0x2c CMakeFiles/adc_dma_capture.dir/workspaces/pico-sdk/src/rp2_common/pico_platform/platform.c.obj
 .ARM.attributes
                0x00000000000000ce       0x2c CMakeFiles/adc_dma_capture.dir/workspaces/pico-sdk/src/rp2_common/hardware_claim/claim.c.obj
 .ARM.attributes
                0x00000000000000fa       0x2c CMakeFiles/adc_dma_capture.dir/workspaces/pico-sdk/src/rp2_common/hardware_sync/sync.c.obj
 .ARM.attributes
                0x0000000000000126       0x2c CMakeFiles/adc_dma_capture.dir/workspaces/pico-sdk/src/rp2_common/hardware_irq/irq.c.obj
 .ARM.attributes
                0x0000000000000152       0x22 CMakeFiles/adc_dma_capture.dir/workspaces/pico-sdk/src/rp2_common/hardware_irq/irq_handler_chain.S.obj
 .ARM.attributes
                0x0000000000000174       0x2c CMakeFiles/adc_dma_capture.dir/workspaces/pico-sdk/src/common/pico_sync/lock_core.c.obj
 .ARM.attributes
                0x00000000000001a0       0x2c CMakeFiles/adc_dma_capture.dir/workspaces/pico-sdk/src/common/pico_sync/mutex.c.obj
 .ARM.attributes
                0x00000000000001cc       0x2c CMakeFiles/adc_dma_capture.dir/workspaces/pico-sdk/src/common/pico_time/time.c.obj
 .ARM.attributes
                0x00000000000001f8       0x2c CMakeFiles/adc_dma_capture.dir/workspaces/pico-sdk/src/rp2_common/hardware_timer/timer.c.obj
 .ARM.attributes
                0x0000000000000224       0x2c CMakeFiles/adc_dma_capture.dir/workspaces/pico-sdk/src/common/pico_util/pheap.c.obj
 .ARM.attributes
                0x0000000000000250       0x2c CMakeFiles/adc_dma_capture.dir/workspaces/pico-sdk/src/rp2_common/hardware_uart/uart.c.obj
 .ARM.attributes
                0x000000000000027c       0x2c CMakeFiles/adc_dma_capture.dir/workspaces/pico-sdk/src/rp2_common/hardware_clocks/clocks.c.obj
 .ARM.attributes
                0x00000000000002a8       0x2c CMakeFiles/adc_dma_capture.dir/workspaces/pico-sdk/src/rp2_common/hardware_pll/pll.c.obj
 .ARM.attributes
                0x00000000000002d4       0x2c CMakeFiles/adc_dma_capture.dir/workspaces/pico-sdk/src/rp2_common/hardware_watchdog/watchdog.c.obj
 .ARM.attributes
                0x0000000000000300       0x2c CMakeFiles/adc_dma_capture.dir/workspaces/pico-sdk/src/rp2_common/hardware_xosc/xosc.c.obj
 .ARM.attributes
                0x000000000000032c       0x2c CMakeFiles/adc_dma_capture.dir/workspaces/pico-sdk/src/rp2_common/pico_runtime/runtime.c.obj
 .ARM.attributes
                0x0000000000000358       0x2c CMakeFiles/adc_dma_capture.dir/workspaces/pico-sdk/src/rp2_common/pico_printf/printf.c.obj
 .ARM.attributes
                0x0000000000000384       0x22 CMakeFiles/adc_dma_capture.dir/workspaces/pico-sdk/src/rp2_common/pico_bit_ops/bit_ops_aeabi.S.obj
 .ARM.attributes
                0x00000000000003a6       0x2c CMakeFiles/adc_dma_capture.dir/workspaces/pico-sdk/src/rp2_common/pico_bootrom/bootrom.c.obj
 .ARM.attributes
                0x00000000000003d2       0x22 CMakeFiles/adc_dma_capture.dir/workspaces/pico-sdk/src/rp2_common/pico_divider/divider.S.obj
 .ARM.attributes
                0x00000000000003f4       0x22 CMakeFiles/adc_dma_capture.dir/workspaces/pico-sdk/src/rp2_common/pico_double/double_aeabi.S.obj
 .ARM.attributes
                0x0000000000000416       0x2c CMakeFiles/adc_dma_capture.dir/workspaces/pico-sdk/src/rp2_common/pico_double/double_init_rom.c.obj
 .ARM.attributes
                0x0000000000000442       0x22 CMakeFiles/adc_dma_capture.dir/workspaces/pico-sdk/src/rp2_common/pico_double/double_v1_rom_shim.S.obj
 .ARM.attributes
                0x0000000000000464       0x22 CMakeFiles/adc_dma_capture.dir/workspaces/pico-sdk/src/rp2_common/pico_int64_ops/pico_int64_ops_aeabi.S.obj
 .ARM.attributes
                0x0000000000000486       0x22 CMakeFiles/adc_dma_capture.dir/workspaces/pico-sdk/src/rp2_common/pico_float/float_aeabi.S.obj
 .ARM.attributes
                0x00000000000004a8       0x2c CMakeFiles/adc_dma_capture.dir/workspaces/pico-sdk/src/rp2_common/pico_float/float_init_rom.c.obj
 .ARM.attributes
                0x00000000000004d4       0x22 CMakeFiles/adc_dma_capture.dir/workspaces/pico-sdk/src/rp2_common/pico_float/float_v1_rom_shim.S.obj
 .ARM.attributes
                0x00000000000004f6       0x2c CMakeFiles/adc_dma_capture.dir/workspaces/pico-sdk/src/rp2_common/pico_malloc/pico_malloc.c.obj
 .ARM.attributes
                0x0000000000000522       0x22 CMakeFiles/adc_dma_capture.dir/workspaces/pico-sdk/src/rp2_common/pico_mem_ops/mem_ops_aeabi.S.obj
 .ARM.attributes
                0x0000000000000544       0x22 CMakeFiles/adc_dma_capture.dir/workspaces/pico-sdk/src/rp2_common/pico_standard_link/crt0.S.obj
 .ARM.attributes
                0x0000000000000566       0x32 CMakeFiles/adc_dma_capture.dir/workspaces/pico-sdk/src/rp2_common/pico_standard_link/binary_info.c.obj
 .ARM.attributes
                0x0000000000000598       0x2c CMakeFiles/adc_dma_capture.dir/workspaces/pico-sdk/src/rp2_common/pico_stdio/stdio.c.obj
 .ARM.attributes
                0x00000000000005c4       0x2c CMakeFiles/adc_dma_capture.dir/workspaces/pico-sdk/src/rp2_common/pico_stdio_uart/stdio_uart.c.obj
 .ARM.attributes
                0x00000000000005f0       0x2c CMakeFiles/adc_dma_capture.dir/workspaces/pico-sdk/src/rp2_common/hardware_adc/adc.c.obj
 .ARM.attributes
                0x000000000000061c       0x2c CMakeFiles/adc_dma_capture.dir/workspaces/pico-sdk/src/rp2_common/hardware_dma/dma.c.obj
 .ARM.attributes
                0x0000000000000648       0x2c CMakeFiles/adc_dma_capture.dir/workspaces/pico-sdk/src/rp2_common/hardware_pio/pio.c.obj
 .ARM.attributes
                0x0000000000000674       0x2c CMakeFiles/adc_dma_capture.dir/workspaces/pico-sdk/src/rp2_common/pico_multicore/multicore.c.obj
 .ARM.attributes
                0x00000000000006a0       0x22 /tmp/cc0k2A8z.o
 .ARM.attributes
                0x00000000000006c2       0x1e /usr/lib/gcc/arm-none-eabi/9.2.1/thumb/v6-m/nofp/libgcc.a(_dvmd_tls.o)
 .ARM.attributes
                0x00000000000006e0       0x2c /usr/lib/gcc/arm-none-eabi/9.2.1/../../../arm-none-eabi/lib/thumb/v6-m/nofp/libc.a(lib_a-strlen-stub.o)
 .ARM.attributes
                0x000000000000070c       0x2c /usr/lib/gcc/arm-none-eabi/9.2.1/thumb/v6-m/nofp/crtend.o

.comment        0x0000000000000000       0xa7
 .comment       0x0000000000000000       0x59 /usr/lib/gcc/arm-none-eabi/9.2.1/thumb/v6-m/nofp/crtbegin.o
                                         0x5a (size before relaxing)
 .comment       0x0000000000000059       0x5a CMakeFiles/adc_dma_capture.dir/dma_capture.c.obj
 .comment       0x0000000000000059       0x5a CMakeFiles/adc_dma_capture.dir/workspaces/pico-sdk/src/rp2_common/hardware_gpio/gpio.c.obj
 .comment       0x0000000000000059       0x5a CMakeFiles/adc_dma_capture.dir/workspaces/pico-sdk/src/rp2_common/pico_platform/platform.c.obj
 .comment       0x0000000000000059       0x5a CMakeFiles/adc_dma_capture.dir/workspaces/pico-sdk/src/rp2_common/hardware_claim/claim.c.obj
 .comment       0x0000000000000059       0x5a CMakeFiles/adc_dma_capture.dir/workspaces/pico-sdk/src/rp2_common/hardware_sync/sync.c.obj
 .comment       0x0000000000000059       0x5a CMakeFiles/adc_dma_capture.dir/workspaces/pico-sdk/src/rp2_common/hardware_irq/irq.c.obj
 .comment       0x0000000000000059       0x5a CMakeFiles/adc_dma_capture.dir/workspaces/pico-sdk/src/common/pico_sync/lock_core.c.obj
 .comment       0x0000000000000059       0x5a CMakeFiles/adc_dma_capture.dir/workspaces/pico-sdk/src/common/pico_sync/mutex.c.obj
 .comment       0x0000000000000059       0x5a CMakeFiles/adc_dma_capture.dir/workspaces/pico-sdk/src/common/pico_time/time.c.obj
 .comment       0x0000000000000059       0x5a CMakeFiles/adc_dma_capture.dir/workspaces/pico-sdk/src/rp2_common/hardware_timer/timer.c.obj
 .comment       0x0000000000000059       0x5a CMakeFiles/adc_dma_capture.dir/workspaces/pico-sdk/src/common/pico_util/pheap.c.obj
 .comment       0x0000000000000059       0x5a CMakeFiles/adc_dma_capture.dir/workspaces/pico-sdk/src/rp2_common/hardware_uart/uart.c.obj
 .comment       0x0000000000000059       0x5a CMakeFiles/adc_dma_capture.dir/workspaces/pico-sdk/src/rp2_common/hardware_clocks/clocks.c.obj
 .comment       0x0000000000000059       0x5a CMakeFiles/adc_dma_capture.dir/workspaces/pico-sdk/src/rp2_common/hardware_pll/pll.c.obj
 .comment       0x0000000000000059       0x5a CMakeFiles/adc_dma_capture.dir/workspaces/pico-sdk/src/rp2_common/hardware_watchdog/watchdog.c.obj
 .comment       0x0000000000000059       0x5a CMakeFiles/adc_dma_capture.dir/workspaces/pico-sdk/src/rp2_common/hardware_xosc/xosc.c.obj
 .comment       0x0000000000000059       0x5a CMakeFiles/adc_dma_capture.dir/workspaces/pico-sdk/src/rp2_common/pico_runtime/runtime.c.obj
 .comment       0x0000000000000059       0x5a CMakeFiles/adc_dma_capture.dir/workspaces/pico-sdk/src/rp2_common/pico_printf/printf.c.obj
 .comment       0x0000000000000059       0x5a CMakeFiles/adc_dma_capture.dir/workspaces/pico-sdk/src/rp2_common/pico_bootrom/bootrom.c.obj
 .comment       0x0000000000000059       0x5a CMakeFiles/adc_dma_capture.dir/workspaces/pico-sdk/src/rp2_common/pico_double/double_init_rom.c.obj
 .comment       0x0000000000000059       0x5a CMakeFiles/adc_dma_capture.dir/workspaces/pico-sdk/src/rp2_common/pico_float/float_init_rom.c.obj
 .comment       0x0000000000000059       0x5a CMakeFiles/adc_dma_capture.dir/workspaces/pico-sdk/src/rp2_common/pico_malloc/pico_malloc.c.obj
 .comment       0x0000000000000059       0x5a CMakeFiles/adc_dma_capture.dir/workspaces/pico-sdk/src/rp2_common/pico_standard_link/binary_info.c.obj
 .comment       0x0000000000000059       0x5a CMakeFiles/adc_dma_capture.dir/workspaces/pico-sdk/src/rp2_common/pico_stdio/stdio.c.obj
 .comment       0x0000000000000059       0x5a CMakeFiles/adc_dma_capture.dir/workspaces/pico-sdk/src/rp2_common/pico_stdio_uart/stdio_uart.c.obj
 .comment       0x0000000000000059       0x5a CMakeFiles/adc_dma_capture.dir/workspaces/pico-sdk/src/rp2_common/hardware_adc/adc.c.obj
 .comment       0x0000000000000059       0x5a CMakeFiles/adc_dma_capture.dir/workspaces/pico-sdk/src/rp2_common/hardware_dma/dma.c.obj
 .comment       0x0000000000000059       0x5a CMakeFiles/adc_dma_capture.dir/workspaces/pico-sdk/src/rp2_common/hardware_pio/pio.c.obj
 .comment       0x0000000000000059       0x5a CMakeFiles/adc_dma_capture.dir/workspaces/pico-sdk/src/rp2_common/pico_multicore/multicore.c.obj
 .comment       0x0000000000000059       0x4e /usr/lib/gcc/arm-none-eabi/9.2.1/../../../arm-none-eabi/lib/thumb/v6-m/nofp/libc.a(lib_a-strlen-stub.o)
                                         0x4f (size before relaxing)
 .comment       0x00000000000000a7       0x5a /usr/lib/gcc/arm-none-eabi/9.2.1/thumb/v6-m/nofp/crtend.o

.debug_line     0x0000000000000000      0x222
 .debug_line    0x0000000000000000       0x60 /usr/lib/gcc/arm-none-eabi/9.2.1/thumb/v6-m/nofp/libgcc.a(_dvmd_tls.o)
 .debug_line    0x0000000000000060      0x1c2 /usr/lib/gcc/arm-none-eabi/9.2.1/../../../arm-none-eabi/lib/thumb/v6-m/nofp/libc.a(lib_a-strlen-stub.o)

.debug_info     0x0000000000000000      0x999
 .debug_info    0x0000000000000000       0x26 /usr/lib/gcc/arm-none-eabi/9.2.1/thumb/v6-m/nofp/libgcc.a(_dvmd_tls.o)
 .debug_info    0x0000000000000026      0x973 /usr/lib/gcc/arm-none-eabi/9.2.1/../../../arm-none-eabi/lib/thumb/v6-m/nofp/libc.a(lib_a-strlen-stub.o)

.debug_abbrev   0x0000000000000000      0x1fc
 .debug_abbrev  0x0000000000000000       0x14 /usr/lib/gcc/arm-none-eabi/9.2.1/thumb/v6-m/nofp/libgcc.a(_dvmd_tls.o)
 .debug_abbrev  0x0000000000000014      0x1e8 /usr/lib/gcc/arm-none-eabi/9.2.1/../../../arm-none-eabi/lib/thumb/v6-m/nofp/libc.a(lib_a-strlen-stub.o)

.debug_aranges  0x0000000000000000       0x40
 .debug_aranges
                0x0000000000000000       0x20 /usr/lib/gcc/arm-none-eabi/9.2.1/thumb/v6-m/nofp/libgcc.a(_dvmd_tls.o)
 .debug_aranges
                0x0000000000000020       0x20 /usr/lib/gcc/arm-none-eabi/9.2.1/../../../arm-none-eabi/lib/thumb/v6-m/nofp/libc.a(lib_a-strlen-stub.o)

.debug_str      0x0000000000000000      0x613
 .debug_str     0x0000000000000000       0xa3 /usr/lib/gcc/arm-none-eabi/9.2.1/thumb/v6-m/nofp/libgcc.a(_dvmd_tls.o)
 .debug_str     0x00000000000000a3      0x570 /usr/lib/gcc/arm-none-eabi/9.2.1/../../../arm-none-eabi/lib/thumb/v6-m/nofp/libc.a(lib_a-strlen-stub.o)
                                        0x5c2 (size before relaxing)

.debug_loc      0x0000000000000000       0xa3
 .debug_loc     0x0000000000000000       0xa3 /usr/lib/gcc/arm-none-eabi/9.2.1/../../../arm-none-eabi/lib/thumb/v6-m/nofp/libc.a(lib_a-strlen-stub.o)

.debug_frame    0x0000000000000000       0x28
 .debug_frame   0x0000000000000000       0x28 /usr/lib/gcc/arm-none-eabi/9.2.1/../../../arm-none-eabi/lib/thumb/v6-m/nofp/libc.a(lib_a-strlen-stub.o)
